<html>
<body>
<pre>
<h1>µVision Build Log</h1>
<h2>Tool Versions:</h2>
IDE-Version: µVision V5.28.0.0
Copyright (C) 2019 ARM Ltd and ARM Germany GmbH. All rights reserved.
License Information: Dat Dang, Vietnam National University, LIC=----
 
Tool Versions:
Toolchain:       MDK-Lite  Version: 5.28.0.0
Toolchain Path:  C:\Keil_v5\ARM\ARMCC\Bin
C Compiler:      Armcc.exe V5.06 update 6 (build 750)
Assembler:       Armasm.exe V5.06 update 6 (build 750)
Linker/Locator:  ArmLink.exe V5.06 update 6 (build 750)
Library Manager: ArmAr.exe V5.06 update 6 (build 750)
Hex Converter:   FromElf.exe V5.06 update 6 (build 750)
CPU DLL:         SARMCM3.DLL V5.28.0.0
Dialog DLL:      DARMCM1.DLL V1.19.2.0
Target DLL:      PEMicro\Pemicro_ArmCortexInterface.dll V1.3.0.0
Dialog DLL:      TARMCM1.DLL V1.14.1.0
 
<h2>Project:</h2>
C:\Users\Admin\Desktop\Embeded_Systems_Fundamental\Lab04\Lab04_Ex02\Blink_Two_LED.uvprojx
Project File Date:  11/23/2019

<h2>Output:</h2>
*** Using Compiler 'V5.06 update 6 (build 750)', folder: 'C:\Keil_v5\ARM\ARMCC\Bin'
Rebuild target 'Target 1'
assembling startup_MKL46Z4.s...
compiling LED.c...
compiling main.c...
LED.h(20): warning:  #1-D: last line of file ends without a newline
   */
main.c(14): warning:  #1-D: last line of file ends without a newline
  }
main.c: 2 warnings, 0 errors
compiling system_MKL46Z4.c...
linking...
.\Objects\Blink_Two_LED.axf: Warning: L6914W: option ro-base ignored when using --scatter.
.\Objects\Blink_Two_LED.axf: Warning: L6914W: option rw-base ignored when using --scatter.
.\Objects\Blink_Two_LED.axf: Warning: L6340W: options first and last are ignored for link type of scattered
Program Size: Code=452 RO-data=208 RW-data=0 ZI-data=2048  
Finished: 0 information, 3 warning and 0 error messages.
After Build - User command #1: C:\Keil_v5\ARM\ARMCC\bin\fromelf.exe --bin --output=.\Objects\Blink2LED.bin.\Objects\Blink2LED.axf
Error: Q0120E: No input file specified.
Finished: 0 information, 0 warning and 1 error messages.
".\Objects\Blink_Two_LED.axf" - 0 Error(s), 5 Warning(s).

<h2>Software Packages used:</h2>

Package Vendor: ARM
                http://www.keil.com/pack/ARM.CMSIS.5.6.0.pack
                ARM.CMSIS.5.6.0
                CMSIS (Cortex Microcontroller Software Interface Standard)
   * Component: CORE Version: 5.3.0

Package Vendor: NXP
                http://mcuxpresso.nxp.com/cmsis_pack/repo/NXP.MKL46Z4_DFP.10.0.3.pack
                NXP.MKL46Z4_DFP.10.0.3
                Device Family Pack for MKL46Z4
   * Component: Startup Version: 1.0.0

<h2>Collection of Component include folders:</h2>
  .\RTE\Device\MKL46Z256VLL4
  .\RTE\_Target_1
  C:\Users\Admin\AppData\Local\Arm\Packs\ARM\CMSIS\5.6.0\CMSIS\Core\Include

<h2>Collection of Component Files used:</h2>

   * Component: ARM::CMSIS:CORE:5.3.0

   * Component: NXP::Device:Startup:1.0.0
      Include file:  system_MKL46Z4.h
      Source file:   system_MKL46Z4.c
      Include file:  fsl_device_registers.h
      Include file:  MKL46Z4_features.h
      Source file:   arm\startup_MKL46Z4.s
      Include file:  MKL46Z4.h
Build Time Elapsed:  00:00:01
</pre>
</body>
</html>
